
> gooddeed@0.1.0 build
> next build

Γû▓ Next.js 16.2.2 (Turbopack)

  Creating an optimized production build ...
Γ£ô Compiled successfully in 4.7s
  Running TypeScript ...
node.exe : Failed to type check.
At line:1 char:1
+ & "C:\Program 
Files\nodejs/node.exe" "C:\Program 
Files\nodejs/node_mo ...
+ ~~~~~~~~~~~~~~~~~~~~~~~~~~~~~~~~~~~
~~~~~~~~~~~~~~~~~~~~~~~~~~~~~~~~~~
    + CategoryInfo          : NotSpe 
   cified: (Failed to type check.:S  
  tring) [], RemoteException
    + FullyQualifiedErrorId : Native 
   CommandError
 

./src/app/transportation/page.tsx:88:
23
Type error: Cannot find name 
'CheckCircle2'.

  [90m86 |[0m                 
<[33mFadeIn[0m key={idx} 
delay={idx * [35m0.1[0m}>
  [90m87 |[0m                   
<div className=[32m"p-6 bg-white 
border border-border shadow-sm 
rounded-2xl ...[0m
[31m[1m>[0m [90m88 |[0m         
             <[33mCheckCircle2[0m 
className=[32m"text-brand-teal 
shrink-0"[0m />
  [90m   |[0m                      
 [31m[1m^[0m
  [90m89 |[0m                      
<span className=[32m"font-semibold 
text-brand-navy 
text-lg"[0m>{[36mtype[0m}</span>
  [90m90 |[0m                   
</div>
  [90m91 |[0m                 
</[33mFadeIn[0m>
Next.js build worker exited with 
code: 1 and signal: null
